Copyright 1986-2020 Xilinx, Inc. All Rights Reserved.
--------------------------------------------------------------------------------------------------------------------------------------------------------------------------------------------------------------------------------------
| Tool Version : Vivado v.2020.1 (lin64) Build 2902540 Wed May 27 19:54:35 MDT 2020
| Date         : Thu Nov 12 17:22:17 2020
| Host         : ENGS-21963 running 64-bit Ubuntu 18.04.5 LTS
| Command      : report_accelerator_utilization -kernels { kernel_gelinearsolver_0:level0_i/ulp/kernel_gelinearsolver_0_1/inst:kernel_gelinearsolver_0_1} -file ../../../output/kernel_util_routed.rpt -name kernel_util_routed -json
| Design       : level0_wrapper
| Device       : xcu50
| Design State : Routed
--------------------------------------------------------------------------------------------------------------------------------------------------------------------------------------------------------------------------------------

Accelerator Utilization Design Information

Table of Contents
-----------------
1. System Utilization

1. System Utilization
---------------------

+------------------------------+------------------+------------------+-------------------+----------------+---------------+----------------+
| Name                         | LUT              | LUTAsMem         | REG               | BRAM           | URAM          | DSP            |
+------------------------------+------------------+------------------+-------------------+----------------+---------------+----------------+
| Platform                     |  99685 [ 11.46%] |   8359 [  2.08%] |  122812 [  7.06%] |  178 [ 13.24%] |   0 [  0.00%] |    4 [  0.07%] |
| User Budget                  | 770331 [100.00%] | 393657 [100.00%] | 1617220 [100.00%] | 1166 [100.00%] | 640 [100.00%] | 5936 [100.00%] |
|    Used Resources            |  20295 [  2.63%] |   1003 [  0.25%] |   21307 [  1.32%] |   15 [  1.29%] |   4 [  0.63%] |   58 [  0.98%] |
|    Unused Resources          | 750036 [ 97.37%] | 392654 [ 99.75%] | 1595913 [ 98.68%] | 1151 [ 98.71%] | 636 [ 99.38%] | 5878 [ 99.02%] |
| kernel_gelinearsolver_0      |  20295 [  2.63%] |   1003 [  0.25%] |   21307 [  1.32%] |   15 [  1.29%] |   4 [  0.63%] |   58 [  0.98%] |
|    kernel_gelinearsolver_0_1 |  20295 [  2.63%] |   1003 [  0.25%] |   21307 [  1.32%] |   15 [  1.29%] |   4 [  0.63%] |   58 [  0.98%] |
+------------------------------+------------------+------------------+-------------------+----------------+---------------+----------------+


