Copyright 1986-2020 Xilinx, Inc. All Rights Reserved.
--------------------------------------------------------------------------------------------------------------------------------------------------------------------------------------------------------------------------------------
| Tool Version : Vivado v.2020.1 (lin64) Build 2902540 Wed May 27 19:54:35 MDT 2020
| Date         : Wed Jan 20 12:19:18 2021
| Host         : ENGS-21963 running 64-bit Ubuntu 18.04.5 LTS
| Command      : report_accelerator_utilization -kernels { kernel_gelinearsolver_0:level0_i/ulp/kernel_gelinearsolver_0_1/inst:kernel_gelinearsolver_0_1} -file ../../../output/kernel_util_placed.rpt -name kernel_util_placed -json
| Design       : level0_wrapper
| Device       : xcu50
| Design State : Fully Placed
--------------------------------------------------------------------------------------------------------------------------------------------------------------------------------------------------------------------------------------

Accelerator Utilization Design Information

Table of Contents
-----------------
1. System Utilization

1. System Utilization
---------------------

+------------------------------+------------------+------------------+-------------------+----------------+---------------+----------------+
| Name                         | LUT              | LUTAsMem         | REG               | BRAM           | URAM          | DSP            |
+------------------------------+------------------+------------------+-------------------+----------------+---------------+----------------+
| Platform                     | 101089 [ 11.62%] |   8791 [  2.19%] |  125341 [  7.20%] |  178 [ 13.24%] |   0 [  0.00%] |    4 [  0.07%] |
| User Budget                  | 768927 [100.00%] | 393225 [100.00%] | 1614691 [100.00%] | 1166 [100.00%] | 640 [100.00%] | 5936 [100.00%] |
|    Used Resources            | 187130 [ 24.34%] |   7532 [  1.92%] |  192420 [ 11.92%] |  163 [ 13.98%] | 270 [ 42.19%] |  823 [ 13.86%] |
|    Unused Resources          | 581797 [ 75.66%] | 385693 [ 98.08%] | 1422271 [ 88.08%] | 1003 [ 86.02%] | 370 [ 57.81%] | 5113 [ 86.14%] |
| kernel_gelinearsolver_0      | 187130 [ 24.34%] |   7532 [  1.92%] |  192420 [ 11.92%] |  163 [ 13.98%] | 270 [ 42.19%] |  823 [ 13.86%] |
|    kernel_gelinearsolver_0_1 | 187130 [ 24.34%] |   7532 [  1.92%] |  192420 [ 11.92%] |  163 [ 13.98%] | 270 [ 42.19%] |  823 [ 13.86%] |
+------------------------------+------------------+------------------+-------------------+----------------+---------------+----------------+


