Copyright 1986-2020 Xilinx, Inc. All Rights Reserved.
----------------------------------------------------------------------------------------------------------------------------------------------------------------------------------------------------------------------------------------
| Tool Version : Vivado v.2020.1 (lin64) Build 2902540 Wed May 27 19:54:35 MDT 2020
| Date         : Thu Jan 28 19:43:17 2021
| Host         : ENGS-21963 running 64-bit Ubuntu 18.04.5 LTS
| Command      : report_accelerator_utilization -kernels { kernel_gelinearsolver_0:level0_i/ulp/kernel_gelinearsolver_0_1/inst:kernel_gelinearsolver_0_1} -file ../../../output/kernel_util_synthed.rpt -name kernel_util_synthed -json
| Design       : level0_wrapper
| Device       : xcu50
| Design State : Synthesized
----------------------------------------------------------------------------------------------------------------------------------------------------------------------------------------------------------------------------------------

Accelerator Utilization Design Information

Table of Contents
-----------------
1. System Utilization

1. System Utilization
---------------------

+------------------------------+------------------+------------------+-------------------+----------------+---------------+----------------+
| Name                         | LUT              | LUTAsMem         | REG               | BRAM           | URAM          | DSP            |
+------------------------------+------------------+------------------+-------------------+----------------+---------------+----------------+
| Platform                     | 115040 [ 13.22%] |  11301 [  2.81%] |  130786 [  7.52%] |  178 [ 13.24%] |   0 [  0.00%] |    4 [  0.07%] |
| User Budget                  | 754976 [100.00%] | 390715 [100.00%] | 1609246 [100.00%] | 1166 [100.00%] | 640 [100.00%] | 5936 [100.00%] |
|    Used Resources            |  21482 [  2.85%] |   1559 [  0.40%] |   21077 [  1.31%] |   20 [  1.72%] | 192 [ 30.00%] |   48 [  0.81%] |
|    Unused Resources          | 733494 [ 97.15%] | 389156 [ 99.60%] | 1588169 [ 98.69%] | 1146 [ 98.28%] | 448 [ 70.00%] | 5888 [ 99.19%] |
| kernel_gelinearsolver_0      |  21482 [  2.85%] |   1559 [  0.40%] |   21077 [  1.31%] |   20 [  1.72%] | 192 [ 30.00%] |   48 [  0.81%] |
|    kernel_gelinearsolver_0_1 |  21482 [  2.85%] |   1559 [  0.40%] |   21077 [  1.31%] |   20 [  1.72%] | 192 [ 30.00%] |   48 [  0.81%] |
+------------------------------+------------------+------------------+-------------------+----------------+---------------+----------------+


