Copyright 1986-2020 Xilinx, Inc. All Rights Reserved.
----------------------------------------------------------------------------------------------------------------------------------------------------------------------------------------------------------------------------------------
| Tool Version : Vivado v.2020.1 (lin64) Build 2902540 Wed May 27 19:54:35 MDT 2020
| Date         : Tue Dec  1 16:03:49 2020
| Host         : ENGS-21963 running 64-bit Ubuntu 18.04.5 LTS
| Command      : report_accelerator_utilization -kernels { kernel_gelinearsolver_0:level0_i/ulp/kernel_gelinearsolver_0_1/inst:kernel_gelinearsolver_0_1} -file ../../../output/kernel_util_synthed.rpt -name kernel_util_synthed -json
| Design       : level0_wrapper
| Device       : xcu50
| Design State : Synthesized
----------------------------------------------------------------------------------------------------------------------------------------------------------------------------------------------------------------------------------------

Accelerator Utilization Design Information

Table of Contents
-----------------
1. System Utilization

1. System Utilization
---------------------

+------------------------------+------------------+------------------+-------------------+----------------+---------------+----------------+
| Name                         | LUT              | LUTAsMem         | REG               | BRAM           | URAM          | DSP            |
+------------------------------+------------------+------------------+-------------------+----------------+---------------+----------------+
| Platform                     | 111170 [ 12.78%] |  10151 [  2.53%] |  124311 [  7.14%] |  178 [ 13.24%] |   0 [  0.00%] |    4 [  0.07%] |
| User Budget                  | 758846 [100.00%] | 391865 [100.00%] | 1615721 [100.00%] | 1166 [100.00%] | 640 [100.00%] | 5936 [100.00%] |
|    Used Resources            |  33661 [  4.44%] |   1598 [  0.41%] |   32971 [  2.04%] |   32 [  2.74%] | 248 [ 38.75%] |  104 [  1.75%] |
|    Unused Resources          | 725185 [ 95.56%] | 390267 [ 99.59%] | 1582750 [ 97.96%] | 1134 [ 97.26%] | 392 [ 61.25%] | 5832 [ 98.25%] |
| kernel_gelinearsolver_0      |  33661 [  4.44%] |   1598 [  0.41%] |   32971 [  2.04%] |   32 [  2.74%] | 248 [ 38.75%] |  104 [  1.75%] |
|    kernel_gelinearsolver_0_1 |  33661 [  4.44%] |   1598 [  0.41%] |   32971 [  2.04%] |   32 [  2.74%] | 248 [ 38.75%] |  104 [  1.75%] |
+------------------------------+------------------+------------------+-------------------+----------------+---------------+----------------+


