Copyright 1986-2020 Xilinx, Inc. All Rights Reserved.
--------------------------------------------------------------------------------------------------------------------------------------------------------------------------------------------------------------------------------------
| Tool Version : Vivado v.2020.1 (lin64) Build 2902540 Wed May 27 19:54:35 MDT 2020
| Date         : Thu Nov 19 11:24:37 2020
| Host         : ENGS-21963 running 64-bit Ubuntu 18.04.5 LTS
| Command      : report_accelerator_utilization -kernels { kernel_gelinearsolver_0:level0_i/ulp/kernel_gelinearsolver_0_1/inst:kernel_gelinearsolver_0_1} -file ../../../output/kernel_util_routed.rpt -name kernel_util_routed -json
| Design       : level0_wrapper
| Device       : xcu50
| Design State : Routed
--------------------------------------------------------------------------------------------------------------------------------------------------------------------------------------------------------------------------------------

Accelerator Utilization Design Information

Table of Contents
-----------------
1. System Utilization

1. System Utilization
---------------------

+------------------------------+------------------+------------------+-------------------+----------------+---------------+----------------+
| Name                         | LUT              | LUTAsMem         | REG               | BRAM           | URAM          | DSP            |
+------------------------------+------------------+------------------+-------------------+----------------+---------------+----------------+
| Platform                     |  99681 [ 11.46%] |   8359 [  2.08%] |  122808 [  7.06%] |  178 [ 13.24%] |   0 [  0.00%] |    4 [  0.07%] |
| User Budget                  | 770335 [100.00%] | 393657 [100.00%] | 1617224 [100.00%] | 1166 [100.00%] | 640 [100.00%] | 5936 [100.00%] |
|    Used Resources            |  18405 [  2.39%] |   1019 [  0.26%] |   18135 [  1.12%] |   18 [  1.54%] | 245 [ 38.28%] |   50 [  0.84%] |
|    Unused Resources          | 751930 [ 97.61%] | 392638 [ 99.74%] | 1599089 [ 98.88%] | 1148 [ 98.46%] | 395 [ 61.72%] | 5886 [ 99.16%] |
| kernel_gelinearsolver_0      |  18405 [  2.39%] |   1019 [  0.26%] |   18135 [  1.12%] |   18 [  1.54%] | 245 [ 38.28%] |   50 [  0.84%] |
|    kernel_gelinearsolver_0_1 |  18405 [  2.39%] |   1019 [  0.26%] |   18135 [  1.12%] |   18 [  1.54%] | 245 [ 38.28%] |   50 [  0.84%] |
+------------------------------+------------------+------------------+-------------------+----------------+---------------+----------------+


