Copyright 1986-2020 Xilinx, Inc. All Rights Reserved.
--------------------------------------------------------------------------------------------------------------------------------------------------------------------------------------------------------------------------------------
| Tool Version : Vivado v.2020.1 (lin64) Build 2902540 Wed May 27 19:54:35 MDT 2020
| Date         : Thu Jan 28 20:06:50 2021
| Host         : ENGS-21963 running 64-bit Ubuntu 18.04.5 LTS
| Command      : report_accelerator_utilization -kernels { kernel_gelinearsolver_0:level0_i/ulp/kernel_gelinearsolver_0_1/inst:kernel_gelinearsolver_0_1} -file ../../../output/kernel_util_placed.rpt -name kernel_util_placed -json
| Design       : level0_wrapper
| Device       : xcu50
| Design State : Fully Placed
--------------------------------------------------------------------------------------------------------------------------------------------------------------------------------------------------------------------------------------

Accelerator Utilization Design Information

Table of Contents
-----------------
1. System Utilization

1. System Utilization
---------------------

+------------------------------+------------------+------------------+-------------------+----------------+---------------+----------------+
| Name                         | LUT              | LUTAsMem         | REG               | BRAM           | URAM          | DSP            |
+------------------------------+------------------+------------------+-------------------+----------------+---------------+----------------+
| Platform                     | 102596 [ 11.79%] |   9224 [  2.29%] |  127866 [  7.35%] |  178 [ 13.24%] |   0 [  0.00%] |    4 [  0.07%] |
| User Budget                  | 767420 [100.00%] | 392792 [100.00%] | 1612166 [100.00%] | 1166 [100.00%] | 640 [100.00%] | 5936 [100.00%] |
|    Used Resources            |  20986 [  2.73%] |   1437 [  0.37%] |   20878 [  1.30%] |   20 [  1.72%] | 192 [ 30.00%] |   48 [  0.81%] |
|    Unused Resources          | 746434 [ 97.27%] | 391355 [ 99.63%] | 1591288 [ 98.70%] | 1146 [ 98.28%] | 448 [ 70.00%] | 5888 [ 99.19%] |
| kernel_gelinearsolver_0      |  20986 [  2.73%] |   1437 [  0.37%] |   20878 [  1.30%] |   20 [  1.72%] | 192 [ 30.00%] |   48 [  0.81%] |
|    kernel_gelinearsolver_0_1 |  20986 [  2.73%] |   1437 [  0.37%] |   20878 [  1.30%] |   20 [  1.72%] | 192 [ 30.00%] |   48 [  0.81%] |
+------------------------------+------------------+------------------+-------------------+----------------+---------------+----------------+


