Copyright 1986-2020 Xilinx, Inc. All Rights Reserved.
--------------------------------------------------------------------------------------------------------------------------------------------------------------------------------------------------------------------------------------
| Tool Version : Vivado v.2020.1 (lin64) Build 2902540 Wed May 27 19:54:35 MDT 2020
| Date         : Wed Jan 27 13:31:31 2021
| Host         : ENGS-21963 running 64-bit Ubuntu 18.04.5 LTS
| Command      : report_accelerator_utilization -kernels { kernel_gelinearsolver_0:level0_i/ulp/kernel_gelinearsolver_0_1/inst:kernel_gelinearsolver_0_1} -file ../../../output/kernel_util_routed.rpt -name kernel_util_routed -json
| Design       : level0_wrapper
| Device       : xcu50
| Design State : Routed
--------------------------------------------------------------------------------------------------------------------------------------------------------------------------------------------------------------------------------------

Accelerator Utilization Design Information

Table of Contents
-----------------
1. System Utilization

1. System Utilization
---------------------

+------------------------------+------------------+------------------+-------------------+----------------+---------------+----------------+
| Name                         | LUT              | LUTAsMem         | REG               | BRAM           | URAM          | DSP            |
+------------------------------+------------------+------------------+-------------------+----------------+---------------+----------------+
| Platform                     |  99641 [ 11.45%] |   8359 [  2.08%] |  122819 [  7.06%] |  178 [ 13.24%] |   0 [  0.00%] |    4 [  0.07%] |
| User Budget                  | 770375 [100.00%] | 393657 [100.00%] | 1617213 [100.00%] | 1166 [100.00%] | 640 [100.00%] | 5936 [100.00%] |
|    Used Resources            | 153235 [ 19.89%] |   3664 [  0.93%] |  150420 [  9.30%] |  162 [ 13.89%] | 210 [ 32.81%] |  452 [  7.61%] |
|    Unused Resources          | 617140 [ 80.11%] | 389993 [ 99.07%] | 1466793 [ 90.70%] | 1004 [ 86.11%] | 430 [ 67.19%] | 5484 [ 92.39%] |
| kernel_gelinearsolver_0      | 153235 [ 19.89%] |   3664 [  0.93%] |  150420 [  9.30%] |  162 [ 13.89%] | 210 [ 32.81%] |  452 [  7.61%] |
|    kernel_gelinearsolver_0_1 | 153235 [ 19.89%] |   3664 [  0.93%] |  150420 [  9.30%] |  162 [ 13.89%] | 210 [ 32.81%] |  452 [  7.61%] |
+------------------------------+------------------+------------------+-------------------+----------------+---------------+----------------+


