#-----------------------------------------------------------
# Vivado v2020.1 (64-bit)
# SW Build 2902540 on Wed May 27 19:54:35 MDT 2020
# IP Build 2902112 on Wed May 27 22:43:36 MDT 2020
# Start of session at: Tue Oct 20 15:09:01 2020
# Process ID: 7983
# Current directory: /home/jacksoncd/solver-acceleration/linear_solver_lib/solver/L2/tests/gelinearsolver/_x_temp.hw_emu.xilinx_u50_gen3x16_xdma_201920_3/kernel_gelinearsolver_0/kernel_gelinearsolver_0/kernel_gelinearsolver_0/solution/impl/ip
# Command line: vivado -notrace -mode batch -source run_ippack.tcl
# Log file: /home/jacksoncd/solver-acceleration/linear_solver_lib/solver/L2/tests/gelinearsolver/_x_temp.hw_emu.xilinx_u50_gen3x16_xdma_201920_3/kernel_gelinearsolver_0/kernel_gelinearsolver_0/kernel_gelinearsolver_0/solution/impl/ip/vivado.log
# Journal file: /home/jacksoncd/solver-acceleration/linear_solver_lib/solver/L2/tests/gelinearsolver/_x_temp.hw_emu.xilinx_u50_gen3x16_xdma_201920_3/kernel_gelinearsolver_0/kernel_gelinearsolver_0/kernel_gelinearsolver_0/solution/impl/ip/vivado.jou
#-----------------------------------------------------------
source run_ippack.tcl -notrace
